1786607804.643432
1786610247.433758
1786612162.082302
1786687860.703844
1786689979.512596
1787020830.915279
1787025353.921182
1787116716.945588
1787119071.845521
1787121383.430298
1787123470.112994
1787124970.275108
1787128620.055572
1787130962.083211
1787132432.74723
1787536194.49248
1787540837.601337
1787542155.051689
1787550968.17219
1787552464.898996
1787554565.305073
1787648739.021571
1787650731.794038
1787707147.895871
1788142337.249651
1788145566.659151
1788148505.066599
1788155004.334551
1788156901.514175
1788162031.531645
1788163746.013237
1788229631.307592
1788835103.28452
1788847731.111727
1788847952.680662
1788849653.988488
1788856333.674327
1789987596.061677
1789990536.996379
1789990958.485684
